<html>
<body>
<pre>
<h1>µVision Build Log</h1>
<h2>Tool Versions:</h2>
IDE-Version: ?Vision V5.34.0.0
Copyright (C) 2021 ARM Ltd and ARM Germany GmbH. All rights reserved.
License Information: Phasakorn Phooweang, Thammasat University, LIC=----
 
Tool Versions:
Toolchain:       MDK-Lite  Version: 5.34.0.0
Toolchain Path:  C:\Keil_v5\ARM\ARMCC\Bin
C Compiler:      Armcc.exe V5.06 update 7 (build 960)
Assembler:       Armasm.exe V5.06 update 7 (build 960)
Linker/Locator:  ArmLink.exe V5.06 update 7 (build 960)
Library Manager: ArmAr.exe V5.06 update 7 (build 960)
Hex Converter:   FromElf.exe V5.06 update 7 (build 960)
CPU DLL:         SARMCM3.DLL V5.34.0.0
Dialog DLL:      DCM.DLL V1.17.3.0
Target DLL:      STLink\ST-LINKIII-KEIL_SWO.dll V3.0.8.0
Dialog DLL:      TCM.DLL V1.48.0.0
 
<h2>Project:</h2>
D:\LE484\Project1\LE484-Project\usbCAN\MDK-ARM\usbCAN.uvprojx
Project File Date:  06/12/2021

<h2>Output:</h2>
*** Using Compiler 'V5.06 update 7 (build 960)', folder: 'C:\Keil_v5\ARM\ARMCC\Bin'
Build target 'usbCAN'
compiling main.c...
../Core/Src/main.c(116): warning:  #167-D: argument of type "char *" is incompatible with parameter of type "uint8_t *"
  	CDC_Transmit_FS(txt, strlen(txt));
../Core/Src/main.c(152): warning:  #167-D: argument of type "char *" is incompatible with parameter of type "uint8_t *"
  			CDC_Transmit_FS(buf, strlen(buf));
../Core/Src/main.c(185): warning:  #167-D: argument of type "char *" is incompatible with parameter of type "uint8_t *"
  			CDC_Transmit_FS(buf,strlen(buf));
../Core/Src/main.c(124): warning:  #177-D: variable "maskId"  was declared but never referenced
  	uint32_t maskId = 0x7FFFFFFC;
../Core/Src/main.c: 4 warnings, 0 errors
linking...
Program Size: Code=15320 RO-data=440 RW-data=428 ZI-data=8060  
FromELF: creating hex file...
"uusbCAN\uusbCAN.axf" - 0 Error(s), 4 Warning(s).

<h2>Software Packages used:</h2>

Package Vendor: ARM
                http://www.keil.com/pack/ARM.CMSIS.5.7.0.pack
                ARM.CMSIS.5.7.0
                CMSIS (Cortex Microcontroller Software Interface Standard)
   * Component: CORE Version: 5.4.0

Package Vendor: Keil
                http://www.keil.com/pack/Keil.STM32F4xx_DFP.2.15.0.pack
                Keil.STM32F4xx_DFP.2.15.0
                STMicroelectronics STM32F4 Series Device Support, Drivers and Examples

<h2>Collection of Component include folders:</h2>
  .\RTE\_usbCAN
  C:\Users\phasa\AppData\Local\Arm\Packs\ARM\CMSIS\5.7.0\CMSIS\Core\Include
  C:\Users\phasa\AppData\Local\Arm\Packs\Keil\STM32F4xx_DFP\2.15.0\Drivers\CMSIS\Device\ST\STM32F4xx\Include

<h2>Collection of Component Files used:</h2>

   * Component: ARM::CMSIS:CORE:5.4.0
Build Time Elapsed:  00:00:02
</pre>
</body>
</html>
